2025-12-15 00:31:00,128 - aqt.main - INFO - installer 140714983091072 aqtinstall(aqt) v3.1.21 on Python 3.12.12 [CPython GCC 13.3.0]
2025-12-15 00:31:00,406 - aqt.main - INFO - installer 139799405792128 aqtinstall(aqt) v3.1.21 on Python 3.12.12 [CPython GCC 13.3.0]
2025-12-15 00:31:00,407 - aqt.helper - DEBUG - helper 139799405792128 Attempt to download checksum at https://download.qt.io/online/qtsdkrepository/linux_x64/desktop/qt6_683/qt6_683/Updates.xml.sha256
2025-12-15 00:31:02,365 - aqt.helper - DEBUG - helper 139799405792128 Attempt to download checksum at https://download.qt.io/online/qtsdkrepository/linux_x64/extensions/qtwebengine/683/x86_64/Updates.xml.sha256
2025-12-15 00:31:03,643 - aqt.archives - INFO - archives 139799405792128 Found extension qtwebengine
2025-12-15 00:31:03,644 - aqt.helper - DEBUG - helper 139799405792128 Attempt to download checksum at https://download.qt.io/online/qtsdkrepository/linux_x64/extensions/qtpdf/683/x86_64/Updates.xml.sha256
2025-12-15 00:31:05,186 - aqt.archives - INFO - archives 139799405792128 Found extension qtpdf
2025-12-15 00:31:05,922 - aqt.helper - DEBUG - helper 139807366658944 Attempt to download checksum at https://download.qt.io/online/qtsdkrepository/linux_x64/desktop/qt6_683/qt6_683/qt.qt6.683.linux_gcc_64/6.8.3-0-202503201345qtbase-Linux-RHEL_8_10-GCC-Linux-RHEL_8_10-X86_64.7z.sha256
2025-12-15 00:31:05,938 - aqt.helper - DEBUG - helper 140256409471872 Attempt to download checksum at https://download.qt.io/online/qtsdkrepository/linux_x64/desktop/qt6_683/qt6_683/qt.qt6.683.linux_gcc_64/6.8.3-0-202503201345qtsvg-Linux-RHEL_8_10-GCC-Linux-RHEL_8_10-X86_64.7z.sha256
2025-12-15 00:31:05,942 - aqt.helper - DEBUG - helper 140210680159104 Attempt to download checksum at https://download.qt.io/online/qtsdkrepository/linux_x64/desktop/qt6_683/qt6_683/qt.qt6.683.linux_gcc_64/6.8.3-0-202503201345qtdeclarative-Linux-RHEL_8_10-GCC-Linux-RHEL_8_10-X86_64.7z.sha256
2025-12-15 00:31:05,945 - aqt.helper - DEBUG - helper 140005235305344 Attempt to download checksum at https://download.qt.io/online/qtsdkrepository/linux_x64/desktop/qt6_683/qt6_683/qt.qt6.683.linux_gcc_64/6.8.3-0-202503201345qttools-Linux-RHEL_8_10-GCC-Linux-RHEL_8_10-X86_64.7z.sha256
2025-12-15 00:31:06,546 - aqt.helper - INFO - helper 139807366658944 Downloading qtbase...
2025-12-15 00:31:06,546 - aqt.helper - INFO - helper 140210680159104 Downloading qtdeclarative...
2025-12-15 00:31:06,546 - aqt.installer - DEBUG - installer 139807366658944 Download URL: https://download.qt.io/online/qtsdkrepository/linux_x64/desktop/qt6_683/qt6_683/qt.qt6.683.linux_gcc_64/6.8.3-0-202503201345qtbase-Linux-RHEL_8_10-GCC-Linux-RHEL_8_10-X86_64.7z
2025-12-15 00:31:06,546 - aqt.installer - DEBUG - installer 140210680159104 Download URL: https://download.qt.io/online/qtsdkrepository/linux_x64/desktop/qt6_683/qt6_683/qt.qt6.683.linux_gcc_64/6.8.3-0-202503201345qtdeclarative-Linux-RHEL_8_10-GCC-Linux-RHEL_8_10-X86_64.7z
2025-12-15 00:31:06,552 - aqt.helper - INFO - helper 140256409471872 Downloading qtsvg...
2025-12-15 00:31:06,553 - aqt.helper - INFO - helper 140005235305344 Downloading qttools...
2025-12-15 00:31:06,553 - aqt.installer - DEBUG - installer 140256409471872 Download URL: https://download.qt.io/online/qtsdkrepository/linux_x64/desktop/qt6_683/qt6_683/qt.qt6.683.linux_gcc_64/6.8.3-0-202503201345qtsvg-Linux-RHEL_8_10-GCC-Linux-RHEL_8_10-X86_64.7z
2025-12-15 00:31:06,553 - aqt.installer - DEBUG - installer 140005235305344 Download URL: https://download.qt.io/online/qtsdkrepository/linux_x64/desktop/qt6_683/qt6_683/qt.qt6.683.linux_gcc_64/6.8.3-0-202503201345qttools-Linux-RHEL_8_10-GCC-Linux-RHEL_8_10-X86_64.7z
2025-12-15 00:31:07,193 - aqt.helper - DEBUG - helper 139807366658944 Asked to redirect(302) to: https://qt.mirror.constant.com/online/qtsdkrepository/linux_x64/desktop/qt6_683/qt6_683/qt.qt6.683.linux_gcc_64/6.8.3-0-202503201345qtbase-Linux-RHEL_8_10-GCC-Linux-RHEL_8_10-X86_64.7z
2025-12-15 00:31:07,193 - aqt.helper - INFO - helper 139807366658944 Redirected: qt.mirror.constant.com
2025-12-15 00:31:07,194 - aqt.helper - DEBUG - helper 140210680159104 Asked to redirect(302) to: https://qt.mirror.constant.com/online/qtsdkrepository/linux_x64/desktop/qt6_683/qt6_683/qt.qt6.683.linux_gcc_64/6.8.3-0-202503201345qtdeclarative-Linux-RHEL_8_10-GCC-Linux-RHEL_8_10-X86_64.7z
2025-12-15 00:31:07,194 - aqt.helper - INFO - helper 140210680159104 Redirected: qt.mirror.constant.com
2025-12-15 00:31:07,235 - aqt.helper - DEBUG - helper 140005235305344 Asked to redirect(302) to: https://qt.mirror.constant.com/online/qtsdkrepository/linux_x64/desktop/qt6_683/qt6_683/qt.qt6.683.linux_gcc_64/6.8.3-0-202503201345qttools-Linux-RHEL_8_10-GCC-Linux-RHEL_8_10-X86_64.7z
2025-12-15 00:31:07,235 - aqt.helper - INFO - helper 140005235305344 Redirected: qt.mirror.constant.com
2025-12-15 00:31:07,235 - aqt.helper - DEBUG - helper 140256409471872 Asked to redirect(302) to: https://qt.mirror.constant.com/online/qtsdkrepository/linux_x64/desktop/qt6_683/qt6_683/qt.qt6.683.linux_gcc_64/6.8.3-0-202503201345qtsvg-Linux-RHEL_8_10-GCC-Linux-RHEL_8_10-X86_64.7z
2025-12-15 00:31:07,235 - aqt.helper - INFO - helper 140256409471872 Redirected: qt.mirror.constant.com
2025-12-15 00:31:07,724 - aqt.installer - INFO - installer 140256409471872 Finished installation of qtsvg-Linux-RHEL_8_10-GCC-Linux-RHEL_8_10-X86_64.7z in 1.78863653
2025-12-15 00:31:07,747 - aqt.helper - DEBUG - helper 140256409471872 Attempt to download checksum at https://download.qt.io/online/qtsdkrepository/linux_x64/desktop/qt6_683/qt6_683/qt.qt6.683.linux_gcc_64/6.8.3-0-202503201345qttranslations-Linux-RHEL_8_10-GCC-Linux-RHEL_8_10-X86_64.7z.sha256
2025-12-15 00:31:08,416 - aqt.helper - INFO - helper 140256409471872 Downloading qttranslations...
2025-12-15 00:31:08,417 - aqt.installer - DEBUG - installer 140256409471872 Download URL: https://download.qt.io/online/qtsdkrepository/linux_x64/desktop/qt6_683/qt6_683/qt.qt6.683.linux_gcc_64/6.8.3-0-202503201345qttranslations-Linux-RHEL_8_10-GCC-Linux-RHEL_8_10-X86_64.7z
2025-12-15 00:31:09,084 - aqt.helper - DEBUG - helper 140256409471872 Asked to redirect(302) to: https://qt.mirror.constant.com/online/qtsdkrepository/linux_x64/desktop/qt6_683/qt6_683/qt.qt6.683.linux_gcc_64/6.8.3-0-202503201345qttranslations-Linux-RHEL_8_10-GCC-Linux-RHEL_8_10-X86_64.7z
2025-12-15 00:31:09,084 - aqt.helper - INFO - helper 140256409471872 Redirected: qt.mirror.constant.com
2025-12-15 00:31:09,691 - aqt.installer - INFO - installer 140256409471872 Finished installation of qttranslations-Linux-RHEL_8_10-GCC-Linux-RHEL_8_10-X86_64.7z in 1.94611791
2025-12-15 00:31:09,707 - aqt.helper - DEBUG - helper 140256409471872 Attempt to download checksum at https://download.qt.io/online/qtsdkrepository/linux_x64/desktop/qt6_683/qt6_683/qt.qt6.683.linux_gcc_64/6.8.3-0-202503201345qtwayland-Linux-RHEL_8_10-GCC-Linux-RHEL_8_10-X86_64.7z.sha256
2025-12-15 00:31:10,332 - aqt.helper - INFO - helper 140256409471872 Downloading qtwayland...
2025-12-15 00:31:10,333 - aqt.installer - DEBUG - installer 140256409471872 Download URL: https://download.qt.io/online/qtsdkrepository/linux_x64/desktop/qt6_683/qt6_683/qt.qt6.683.linux_gcc_64/6.8.3-0-202503201345qtwayland-Linux-RHEL_8_10-GCC-Linux-RHEL_8_10-X86_64.7z
2025-12-15 00:31:10,762 - aqt.installer - INFO - installer 140005235305344 Finished installation of qttools-Linux-RHEL_8_10-GCC-Linux-RHEL_8_10-X86_64.7z in 4.81936055
2025-12-15 00:31:10,775 - aqt.helper - DEBUG - helper 140005235305344 Attempt to download checksum at https://download.qt.io/online/qtsdkrepository/linux_x64/desktop/qt6_683/qt6_683/qt.qt6.683.linux_gcc_64/6.8.3-0-202503201345icu-linux-Rhel8.6-x86_64.7z.sha256
2025-12-15 00:31:10,925 - aqt.helper - DEBUG - helper 140256409471872 Asked to redirect(302) to: https://qt.mirror.constant.com/online/qtsdkrepository/linux_x64/desktop/qt6_683/qt6_683/qt.qt6.683.linux_gcc_64/6.8.3-0-202503201345qtwayland-Linux-RHEL_8_10-GCC-Linux-RHEL_8_10-X86_64.7z
2025-12-15 00:31:10,925 - aqt.helper - INFO - helper 140256409471872 Redirected: qt.mirror.constant.com
2025-12-15 00:31:11,388 - aqt.installer - INFO - installer 140256409471872 Finished installation of qtwayland-Linux-RHEL_8_10-GCC-Linux-RHEL_8_10-X86_64.7z in 1.68293393
2025-12-15 00:31:11,438 - aqt.helper - INFO - helper 140005235305344 Downloading icu...
2025-12-15 00:31:11,438 - aqt.installer - DEBUG - installer 140005235305344 Download URL: https://download.qt.io/online/qtsdkrepository/linux_x64/desktop/qt6_683/qt6_683/qt.qt6.683.linux_gcc_64/6.8.3-0-202503201345icu-linux-Rhel8.6-x86_64.7z
2025-12-15 00:31:12,031 - aqt.helper - DEBUG - helper 140005235305344 Asked to redirect(302) to: https://qt.mirror.constant.com/online/qtsdkrepository/linux_x64/desktop/qt6_683/qt6_683/qt.qt6.683.linux_gcc_64/6.8.3-0-202503201345icu-linux-Rhel8.6-x86_64.7z
2025-12-15 00:31:12,031 - aqt.helper - INFO - helper 140005235305344 Redirected: qt.mirror.constant.com
2025-12-15 00:31:12,126 - aqt.installer - INFO - installer 139807366658944 Finished installation of qtbase-Linux-RHEL_8_10-GCC-Linux-RHEL_8_10-X86_64.7z in 6.20669445
2025-12-15 00:31:13,162 - aqt.installer - INFO - installer 140005235305344 Finished installation of icu-linux-Rhel8.6-x86_64.7z in 2.38921228
2025-12-15 00:31:21,280 - aqt.installer - INFO - installer 140210680159104 Finished installation of qtdeclarative-Linux-RHEL_8_10-GCC-Linux-RHEL_8_10-X86_64.7z in 15.34025353
2025-12-15 00:31:21,369 - aqt.updater - INFO - updater 139799405792128 Patching /home/runner/work/FreeCAD/Qt/6.8.3/gcc_64/bin/qmake
2025-12-15 00:31:21,373 - aqt.updater - INFO - updater 139799405792128 Patching /home/runner/work/FreeCAD/Qt/6.8.3/gcc_64/lib/pkgconfig/Qt6Sql.pc
2025-12-15 00:31:21,373 - aqt.updater - INFO - updater 139799405792128 Patching /home/runner/work/FreeCAD/Qt/6.8.3/gcc_64/lib/pkgconfig/Qt6Core.pc
2025-12-15 00:31:21,373 - aqt.updater - INFO - updater 139799405792128 Patching /home/runner/work/FreeCAD/Qt/6.8.3/gcc_64/lib/pkgconfig/Qt6SvgWidgets.pc
2025-12-15 00:31:21,374 - aqt.updater - INFO - updater 139799405792128 Patching /home/runner/work/FreeCAD/Qt/6.8.3/gcc_64/lib/pkgconfig/Qt6DBus.pc
2025-12-15 00:31:21,374 - aqt.updater - INFO - updater 139799405792128 Patching /home/runner/work/FreeCAD/Qt/6.8.3/gcc_64/lib/pkgconfig/Qt6Platform.pc
2025-12-15 00:31:21,374 - aqt.updater - INFO - updater 139799405792128 Patching /home/runner/work/FreeCAD/Qt/6.8.3/gcc_64/lib/pkgconfig/Qt6Qml.pc
2025-12-15 00:31:21,374 - aqt.updater - INFO - updater 139799405792128 Patching /home/runner/work/FreeCAD/Qt/6.8.3/gcc_64/lib/pkgconfig/Qt6UiPlugin.pc
2025-12-15 00:31:21,375 - aqt.updater - INFO - updater 139799405792128 Patching /home/runner/work/FreeCAD/Qt/6.8.3/gcc_64/lib/pkgconfig/Qt6QuickControls2UniversalStyleImpl.pc
2025-12-15 00:31:21,375 - aqt.updater - INFO - updater 139799405792128 Patching /home/runner/work/FreeCAD/Qt/6.8.3/gcc_64/lib/pkgconfig/Qt6QuickControls2BasicStyleImpl.pc
2025-12-15 00:31:21,375 - aqt.updater - INFO - updater 139799405792128 Patching /home/runner/work/FreeCAD/Qt/6.8.3/gcc_64/lib/pkgconfig/Qt6QuickControls2.pc
2025-12-15 00:31:21,375 - aqt.updater - INFO - updater 139799405792128 Patching /home/runner/work/FreeCAD/Qt/6.8.3/gcc_64/lib/pkgconfig/Qt6QuickControls2Fusion.pc
2025-12-15 00:31:21,376 - aqt.updater - INFO - updater 139799405792128 Patching /home/runner/work/FreeCAD/Qt/6.8.3/gcc_64/lib/pkgconfig/Qt6Network.pc
2025-12-15 00:31:21,376 - aqt.updater - INFO - updater 139799405792128 Patching /home/runner/work/FreeCAD/Qt/6.8.3/gcc_64/lib/pkgconfig/Qt6Help.pc
2025-12-15 00:31:21,376 - aqt.updater - INFO - updater 139799405792128 Patching /home/runner/work/FreeCAD/Qt/6.8.3/gcc_64/lib/pkgconfig/Qt6LabsWavefrontMesh.pc
2025-12-15 00:31:21,376 - aqt.updater - INFO - updater 139799405792128 Patching /home/runner/work/FreeCAD/Qt/6.8.3/gcc_64/lib/pkgconfig/Qt6QuickWidgets.pc
2025-12-15 00:31:21,377 - aqt.updater - INFO - updater 139799405792128 Patching /home/runner/work/FreeCAD/Qt/6.8.3/gcc_64/lib/pkgconfig/Qt6QuickDialogs2.pc
2025-12-15 00:31:21,377 - aqt.updater - INFO - updater 139799405792128 Patching /home/runner/work/FreeCAD/Qt/6.8.3/gcc_64/lib/pkgconfig/Qt6QuickControls2Material.pc
2025-12-15 00:31:21,377 - aqt.updater - INFO - updater 139799405792128 Patching /home/runner/work/FreeCAD/Qt/6.8.3/gcc_64/lib/pkgconfig/Qt6Xml.pc
2025-12-15 00:31:21,377 - aqt.updater - INFO - updater 139799405792128 Patching /home/runner/work/FreeCAD/Qt/6.8.3/gcc_64/lib/pkgconfig/Qt6QuickTemplates2.pc
2025-12-15 00:31:21,377 - aqt.updater - INFO - updater 139799405792128 Patching /home/runner/work/FreeCAD/Qt/6.8.3/gcc_64/lib/pkgconfig/Qt6UiTools.pc
2025-12-15 00:31:21,378 - aqt.updater - INFO - updater 139799405792128 Patching /home/runner/work/FreeCAD/Qt/6.8.3/gcc_64/lib/pkgconfig/Qt6Gui.pc
2025-12-15 00:31:21,378 - aqt.updater - INFO - updater 139799405792128 Patching /home/runner/work/FreeCAD/Qt/6.8.3/gcc_64/lib/pkgconfig/Qt6QuickControls2FluentWinUI3StyleImpl.pc
2025-12-15 00:31:21,378 - aqt.updater - INFO - updater 139799405792128 Patching /home/runner/work/FreeCAD/Qt/6.8.3/gcc_64/lib/pkgconfig/Qt6Designer.pc
2025-12-15 00:31:21,378 - aqt.updater - INFO - updater 139799405792128 Patching /home/runner/work/FreeCAD/Qt/6.8.3/gcc_64/lib/pkgconfig/Qt6QuickLayouts.pc
2025-12-15 00:31:21,379 - aqt.updater - INFO - updater 139799405792128 Patching /home/runner/work/FreeCAD/Qt/6.8.3/gcc_64/lib/pkgconfig/Qt6QmlIntegration.pc
2025-12-15 00:31:21,379 - aqt.updater - INFO - updater 139799405792128 Patching /home/runner/work/FreeCAD/Qt/6.8.3/gcc_64/lib/pkgconfig/Qt6PrintSupport.pc
2025-12-15 00:31:21,379 - aqt.updater - INFO - updater 139799405792128 Patching /home/runner/work/FreeCAD/Qt/6.8.3/gcc_64/lib/pkgconfig/Qt6LabsAnimation.pc
2025-12-15 00:31:21,379 - aqt.updater - INFO - updater 139799405792128 Patching /home/runner/work/FreeCAD/Qt/6.8.3/gcc_64/lib/pkgconfig/Qt6LabsSettings.pc
2025-12-15 00:31:21,379 - aqt.updater - INFO - updater 139799405792128 Patching /home/runner/work/FreeCAD/Qt/6.8.3/gcc_64/lib/pkgconfig/Qt6QuickControls2Universal.pc
2025-12-15 00:31:21,380 - aqt.updater - INFO - updater 139799405792128 Patching /home/runner/work/FreeCAD/Qt/6.8.3/gcc_64/lib/pkgconfig/Qt6Linguist.pc
2025-12-15 00:31:21,380 - aqt.updater - INFO - updater 139799405792128 Patching /home/runner/work/FreeCAD/Qt/6.8.3/gcc_64/lib/pkgconfig/Qt6QmlNetwork.pc
2025-12-15 00:31:21,380 - aqt.updater - INFO - updater 139799405792128 Patching /home/runner/work/FreeCAD/Qt/6.8.3/gcc_64/lib/pkgconfig/Qt6LabsFolderListModel.pc
2025-12-15 00:31:21,380 - aqt.updater - INFO - updater 139799405792128 Patching /home/runner/work/FreeCAD/Qt/6.8.3/gcc_64/lib/pkgconfig/Qt6QmlAssetDownloader.pc
2025-12-15 00:31:21,380 - aqt.updater - INFO - updater 139799405792128 Patching /home/runner/work/FreeCAD/Qt/6.8.3/gcc_64/lib/pkgconfig/Qt6QmlXmlListModel.pc
2025-12-15 00:31:21,381 - aqt.updater - INFO - updater 139799405792128 Patching /home/runner/work/FreeCAD/Qt/6.8.3/gcc_64/lib/pkgconfig/Qt6Concurrent.pc
2025-12-15 00:31:21,381 - aqt.updater - INFO - updater 139799405792128 Patching /home/runner/work/FreeCAD/Qt/6.8.3/gcc_64/lib/pkgconfig/Qt6OpenGL.pc
2025-12-15 00:31:21,381 - aqt.updater - INFO - updater 139799405792128 Patching /home/runner/work/FreeCAD/Qt/6.8.3/gcc_64/lib/pkgconfig/Qt6LabsQmlModels.pc
2025-12-15 00:31:21,381 - aqt.updater - INFO - updater 139799405792128 Patching /home/runner/work/FreeCAD/Qt/6.8.3/gcc_64/lib/pkgconfig/Qt6QuickVectorImage.pc
2025-12-15 00:31:21,381 - aqt.updater - INFO - updater 139799405792128 Patching /home/runner/work/FreeCAD/Qt/6.8.3/gcc_64/lib/pkgconfig/Qt6QuickControls2Imagine.pc
2025-12-15 00:31:21,382 - aqt.updater - INFO - updater 139799405792128 Patching /home/runner/work/FreeCAD/Qt/6.8.3/gcc_64/lib/pkgconfig/Qt6WaylandClient.pc
2025-12-15 00:31:21,382 - aqt.updater - INFO - updater 139799405792128 Patching /home/runner/work/FreeCAD/Qt/6.8.3/gcc_64/lib/pkgconfig/Qt6Svg.pc
2025-12-15 00:31:21,382 - aqt.updater - INFO - updater 139799405792128 Patching /home/runner/work/FreeCAD/Qt/6.8.3/gcc_64/lib/pkgconfig/Qt6QuickControls2MaterialStyleImpl.pc
2025-12-15 00:31:21,382 - aqt.updater - INFO - updater 139799405792128 Patching /home/runner/work/FreeCAD/Qt/6.8.3/gcc_64/lib/pkgconfig/Qt6QmlMeta.pc
2025-12-15 00:31:21,382 - aqt.updater - INFO - updater 139799405792128 Patching /home/runner/work/FreeCAD/Qt/6.8.3/gcc_64/lib/pkgconfig/Qt6Test.pc
2025-12-15 00:31:21,383 - aqt.updater - INFO - updater 139799405792128 Patching /home/runner/work/FreeCAD/Qt/6.8.3/gcc_64/lib/pkgconfig/Qt6Quick.pc
2025-12-15 00:31:21,383 - aqt.updater - INFO - updater 139799405792128 Patching /home/runner/work/FreeCAD/Qt/6.8.3/gcc_64/lib/pkgconfig/Qt6LabsPlatform.pc
2025-12-15 00:31:21,383 - aqt.updater - INFO - updater 139799405792128 Patching /home/runner/work/FreeCAD/Qt/6.8.3/gcc_64/lib/pkgconfig/Qt6QmlLocalStorage.pc
2025-12-15 00:31:21,383 - aqt.updater - INFO - updater 139799405792128 Patching /home/runner/work/FreeCAD/Qt/6.8.3/gcc_64/lib/pkgconfig/Qt6Widgets.pc
2025-12-15 00:31:21,383 - aqt.updater - INFO - updater 139799405792128 Patching /home/runner/work/FreeCAD/Qt/6.8.3/gcc_64/lib/pkgconfig/Qt6QmlCore.pc
2025-12-15 00:31:21,384 - aqt.updater - INFO - updater 139799405792128 Patching /home/runner/work/FreeCAD/Qt/6.8.3/gcc_64/lib/pkgconfig/Qt6LabsSharedImage.pc
2025-12-15 00:31:21,384 - aqt.updater - INFO - updater 139799405792128 Patching /home/runner/work/FreeCAD/Qt/6.8.3/gcc_64/lib/pkgconfig/Qt6OpenGLWidgets.pc
2025-12-15 00:31:21,384 - aqt.updater - INFO - updater 139799405792128 Patching /home/runner/work/FreeCAD/Qt/6.8.3/gcc_64/lib/pkgconfig/Qt6QuickControls2Impl.pc
2025-12-15 00:31:21,384 - aqt.updater - INFO - updater 139799405792128 Patching /home/runner/work/FreeCAD/Qt/6.8.3/gcc_64/lib/pkgconfig/Qt6QmlCompiler.pc
2025-12-15 00:31:21,384 - aqt.updater - INFO - updater 139799405792128 Patching /home/runner/work/FreeCAD/Qt/6.8.3/gcc_64/lib/pkgconfig/Qt6QuickDialogs2Utils.pc
2025-12-15 00:31:21,385 - aqt.updater - INFO - updater 139799405792128 Patching /home/runner/work/FreeCAD/Qt/6.8.3/gcc_64/lib/pkgconfig/Qt6QuickDialogs2QuickImpl.pc
2025-12-15 00:31:21,385 - aqt.updater - INFO - updater 139799405792128 Patching /home/runner/work/FreeCAD/Qt/6.8.3/gcc_64/lib/pkgconfig/Qt6QuickControls2Basic.pc
2025-12-15 00:31:21,385 - aqt.updater - INFO - updater 139799405792128 Patching /home/runner/work/FreeCAD/Qt/6.8.3/gcc_64/lib/pkgconfig/Qt6QuickControls2FusionStyleImpl.pc
2025-12-15 00:31:21,385 - aqt.updater - INFO - updater 139799405792128 Patching /home/runner/work/FreeCAD/Qt/6.8.3/gcc_64/lib/pkgconfig/Qt6QmlWorkerScript.pc
2025-12-15 00:31:21,385 - aqt.updater - INFO - updater 139799405792128 Patching /home/runner/work/FreeCAD/Qt/6.8.3/gcc_64/lib/pkgconfig/Qt6QuickTest.pc
2025-12-15 00:31:21,386 - aqt.updater - INFO - updater 139799405792128 Patching /home/runner/work/FreeCAD/Qt/6.8.3/gcc_64/lib/pkgconfig/Qt6QuickControls2ImagineStyleImpl.pc
2025-12-15 00:31:21,386 - aqt.updater - INFO - updater 139799405792128 Patching /home/runner/work/FreeCAD/Qt/6.8.3/gcc_64/lib/pkgconfig/Qt6QmlModels.pc
2025-12-15 00:31:21,387 - aqt.updater - INFO - updater 139799405792128 Patching /home/runner/work/FreeCAD/Qt/6.8.3/gcc_64/lib/libQt6Svg.prl
2025-12-15 00:31:21,387 - aqt.updater - INFO - updater 139799405792128 Patching /home/runner/work/FreeCAD/Qt/6.8.3/gcc_64/lib/libQt6OpenGL.prl
2025-12-15 00:31:21,387 - aqt.updater - INFO - updater 139799405792128 Patching /home/runner/work/FreeCAD/Qt/6.8.3/gcc_64/lib/libQt6QmlLocalStorage.prl
2025-12-15 00:31:21,388 - aqt.updater - INFO - updater 139799405792128 Patching /home/runner/work/FreeCAD/Qt/6.8.3/gcc_64/lib/libQt6QuickEffects.prl
2025-12-15 00:31:21,388 - aqt.updater - INFO - updater 139799405792128 Patching /home/runner/work/FreeCAD/Qt/6.8.3/gcc_64/lib/libQt6Gui.prl
2025-12-15 00:31:21,388 - aqt.updater - INFO - updater 139799405792128 Patching /home/runner/work/FreeCAD/Qt/6.8.3/gcc_64/lib/libQt6Network.prl
2025-12-15 00:31:21,388 - aqt.updater - INFO - updater 139799405792128 Patching /home/runner/work/FreeCAD/Qt/6.8.3/gcc_64/lib/libQt6QuickControls2FluentWinUI3StyleImpl.prl
2025-12-15 00:31:21,388 - aqt.updater - INFO - updater 139799405792128 Patching /home/runner/work/FreeCAD/Qt/6.8.3/gcc_64/lib/libQt6WaylandEglClientHwIntegration.prl
2025-12-15 00:31:21,389 - aqt.updater - INFO - updater 139799405792128 Patching /home/runner/work/FreeCAD/Qt/6.8.3/gcc_64/lib/libQt6Quick.prl
2025-12-15 00:31:21,389 - aqt.updater - INFO - updater 139799405792128 Patching /home/runner/work/FreeCAD/Qt/6.8.3/gcc_64/lib/libQt6QuickVectorImage.prl
2025-12-15 00:31:21,389 - aqt.updater - INFO - updater 139799405792128 Patching /home/runner/work/FreeCAD/Qt/6.8.3/gcc_64/lib/libQt6QuickControls2.prl
2025-12-15 00:31:21,389 - aqt.updater - INFO - updater 139799405792128 Patching /home/runner/work/FreeCAD/Qt/6.8.3/gcc_64/lib/libQt6QuickControls2BasicStyleImpl.prl
2025-12-15 00:31:21,390 - aqt.updater - INFO - updater 139799405792128 Patching /home/runner/work/FreeCAD/Qt/6.8.3/gcc_64/lib/libQt6QmlNetwork.prl
2025-12-15 00:31:21,390 - aqt.updater - INFO - updater 139799405792128 Patching /home/runner/work/FreeCAD/Qt/6.8.3/gcc_64/lib/libQt6ExampleIcons.prl
2025-12-15 00:31:21,390 - aqt.updater - INFO - updater 139799405792128 Patching /home/runner/work/FreeCAD/Qt/6.8.3/gcc_64/lib/libQt6WlShellIntegration.prl
2025-12-15 00:31:21,390 - aqt.updater - INFO - updater 139799405792128 Patching /home/runner/work/FreeCAD/Qt/6.8.3/gcc_64/lib/libQt6LabsQmlModels.prl
2025-12-15 00:31:21,391 - aqt.updater - INFO - updater 139799405792128 Patching /home/runner/work/FreeCAD/Qt/6.8.3/gcc_64/lib/libQt6QuickDialogs2.prl
2025-12-15 00:31:21,391 - aqt.updater - INFO - updater 139799405792128 Patching /home/runner/work/FreeCAD/Qt/6.8.3/gcc_64/lib/libQt6QuickVectorImageGenerator.prl
2025-12-15 00:31:21,391 - aqt.updater - INFO - updater 139799405792128 Patching /home/runner/work/FreeCAD/Qt/6.8.3/gcc_64/lib/libQt6DesignerComponents.prl
2025-12-15 00:31:21,391 - aqt.updater - INFO - updater 139799405792128 Patching /home/runner/work/FreeCAD/Qt/6.8.3/gcc_64/lib/libQt6FbSupport.prl
2025-12-15 00:31:21,391 - aqt.updater - INFO - updater 139799405792128 Patching /home/runner/work/FreeCAD/Qt/6.8.3/gcc_64/lib/libQt6SvgWidgets.prl
2025-12-15 00:31:21,392 - aqt.updater - INFO - updater 139799405792128 Patching /home/runner/work/FreeCAD/Qt/6.8.3/gcc_64/lib/libQt6QuickWidgets.prl
2025-12-15 00:31:21,392 - aqt.updater - INFO - updater 139799405792128 Patching /home/runner/work/FreeCAD/Qt/6.8.3/gcc_64/lib/libQt6QmlMeta.prl
2025-12-15 00:31:21,392 - aqt.updater - INFO - updater 139799405792128 Patching /home/runner/work/FreeCAD/Qt/6.8.3/gcc_64/lib/libQt6QmlWorkerScript.prl
2025-12-15 00:31:21,392 - aqt.updater - INFO - updater 139799405792128 Patching /home/runner/work/FreeCAD/Qt/6.8.3/gcc_64/lib/libQt6LabsFolderListModel.prl
2025-12-15 00:31:21,393 - aqt.updater - INFO - updater 139799405792128 Patching /home/runner/work/FreeCAD/Qt/6.8.3/gcc_64/lib/libQt6QuickDialogs2Utils.prl
2025-12-15 00:31:21,393 - aqt.updater - INFO - updater 139799405792128 Patching /home/runner/work/FreeCAD/Qt/6.8.3/gcc_64/lib/libQt6QuickControls2ImagineStyleImpl.prl
2025-12-15 00:31:21,393 - aqt.updater - INFO - updater 139799405792128 Patching /home/runner/work/FreeCAD/Qt/6.8.3/gcc_64/lib/libQt6QmlToolingSettings.prl
2025-12-15 00:31:21,393 - aqt.updater - INFO - updater 139799405792128 Patching /home/runner/work/FreeCAD/Qt/6.8.3/gcc_64/lib/libQt6QmlLS.prl
2025-12-15 00:31:21,394 - aqt.updater - INFO - updater 139799405792128 Patching /home/runner/work/FreeCAD/Qt/6.8.3/gcc_64/lib/libQt6QuickTest.prl
2025-12-15 00:31:21,394 - aqt.updater - INFO - updater 139799405792128 Patching /home/runner/work/FreeCAD/Qt/6.8.3/gcc_64/lib/libQt6QuickControlsTestUtils.prl
2025-12-15 00:31:21,394 - aqt.updater - INFO - updater 139799405792128 Patching /home/runner/work/FreeCAD/Qt/6.8.3/gcc_64/lib/libQt6Concurrent.prl
2025-12-15 00:31:21,394 - aqt.updater - INFO - updater 139799405792128 Patching /home/runner/work/FreeCAD/Qt/6.8.3/gcc_64/lib/libQt6KmsSupport.prl
2025-12-15 00:31:21,394 - aqt.updater - INFO - updater 139799405792128 Patching /home/runner/work/FreeCAD/Qt/6.8.3/gcc_64/lib/libQt6QuickControls2MaterialStyleImpl.prl
2025-12-15 00:31:21,395 - aqt.updater - INFO - updater 139799405792128 Patching /home/runner/work/FreeCAD/Qt/6.8.3/gcc_64/lib/libQt6Help.prl
2025-12-15 00:31:21,395 - aqt.updater - INFO - updater 139799405792128 Patching /home/runner/work/FreeCAD/Qt/6.8.3/gcc_64/lib/libQt6Xml.prl
2025-12-15 00:31:21,395 - aqt.updater - INFO - updater 139799405792128 Patching /home/runner/work/FreeCAD/Qt/6.8.3/gcc_64/lib/libQt6EglFsKmsGbmSupport.prl
2025-12-15 00:31:21,395 - aqt.updater - INFO - updater 139799405792128 Patching /home/runner/work/FreeCAD/Qt/6.8.3/gcc_64/lib/libQt6DBus.prl
2025-12-15 00:31:21,396 - aqt.updater - INFO - updater 139799405792128 Patching /home/runner/work/FreeCAD/Qt/6.8.3/gcc_64/lib/libQt6QuickDialogs2QuickImpl.prl
2025-12-15 00:31:21,396 - aqt.updater - INFO - updater 139799405792128 Patching /home/runner/work/FreeCAD/Qt/6.8.3/gcc_64/lib/libQt6EglFSDeviceIntegration.prl
2025-12-15 00:31:21,396 - aqt.updater - INFO - updater 139799405792128 Patching /home/runner/work/FreeCAD/Qt/6.8.3/gcc_64/lib/libQt6InputSupport.prl
2025-12-15 00:31:21,396 - aqt.updater - INFO - updater 139799405792128 Patching /home/runner/work/FreeCAD/Qt/6.8.3/gcc_64/lib/libQt6Widgets.prl
2025-12-15 00:31:21,397 - aqt.updater - INFO - updater 139799405792128 Patching /home/runner/work/FreeCAD/Qt/6.8.3/gcc_64/lib/libQt6Sql.prl
2025-12-15 00:31:21,397 - aqt.updater - INFO - updater 139799405792128 Patching /home/runner/work/FreeCAD/Qt/6.8.3/gcc_64/lib/libQt6QuickTestUtils.prl
2025-12-15 00:31:21,397 - aqt.updater - INFO - updater 139799405792128 Patching /home/runner/work/FreeCAD/Qt/6.8.3/gcc_64/lib/libQt6QmlModels.prl
2025-12-15 00:31:21,397 - aqt.updater - INFO - updater 139799405792128 Patching /home/runner/work/FreeCAD/Qt/6.8.3/gcc_64/lib/libQt6QuickControls2Basic.prl
2025-12-15 00:31:21,398 - aqt.updater - INFO - updater 139799405792128 Patching /home/runner/work/FreeCAD/Qt/6.8.3/gcc_64/lib/libQt6QuickTemplates2.prl
2025-12-15 00:31:21,398 - aqt.updater - INFO - updater 139799405792128 Patching /home/runner/work/FreeCAD/Qt/6.8.3/gcc_64/lib/libQt6UiTools.prl
2025-12-15 00:31:21,398 - aqt.updater - INFO - updater 139799405792128 Patching /home/runner/work/FreeCAD/Qt/6.8.3/gcc_64/lib/libQt6QmlDebug.prl
2025-12-15 00:31:21,398 - aqt.updater - INFO - updater 139799405792128 Patching /home/runner/work/FreeCAD/Qt/6.8.3/gcc_64/lib/libQt6QuickControls2Imagine.prl
2025-12-15 00:31:21,398 - aqt.updater - INFO - updater 139799405792128 Patching /home/runner/work/FreeCAD/Qt/6.8.3/gcc_64/lib/libQt6WaylandClient.prl
2025-12-15 00:31:21,399 - aqt.updater - INFO - updater 139799405792128 Patching /home/runner/work/FreeCAD/Qt/6.8.3/gcc_64/lib/libQt6PacketProtocol.prl
2025-12-15 00:31:21,399 - aqt.updater - INFO - updater 139799405792128 Patching /home/runner/work/FreeCAD/Qt/6.8.3/gcc_64/lib/libQt6OpenGLWidgets.prl
2025-12-15 00:31:21,399 - aqt.updater - INFO - updater 139799405792128 Patching /home/runner/work/FreeCAD/Qt/6.8.3/gcc_64/lib/libQt6LabsPlatform.prl
2025-12-15 00:31:21,399 - aqt.updater - INFO - updater 139799405792128 Patching /home/runner/work/FreeCAD/Qt/6.8.3/gcc_64/lib/libQt6Core.prl
2025-12-15 00:31:21,400 - aqt.updater - INFO - updater 139799405792128 Patching /home/runner/work/FreeCAD/Qt/6.8.3/gcc_64/lib/libQt6QuickControls2FusionStyleImpl.prl
2025-12-15 00:31:21,400 - aqt.updater - INFO - updater 139799405792128 Patching /home/runner/work/FreeCAD/Qt/6.8.3/gcc_64/lib/libQt6LabsSettings.prl
2025-12-15 00:31:21,400 - aqt.updater - INFO - updater 139799405792128 Patching /home/runner/work/FreeCAD/Qt/6.8.3/gcc_64/lib/libQt6QmlDom.prl
2025-12-15 00:31:21,400 - aqt.updater - INFO - updater 139799405792128 Patching /home/runner/work/FreeCAD/Qt/6.8.3/gcc_64/lib/libQt6Qml.prl
2025-12-15 00:31:21,400 - aqt.updater - INFO - updater 139799405792128 Patching /home/runner/work/FreeCAD/Qt/6.8.3/gcc_64/lib/libQt6QuickControls2UniversalStyleImpl.prl
2025-12-15 00:31:21,401 - aqt.updater - INFO - updater 139799405792128 Patching /home/runner/work/FreeCAD/Qt/6.8.3/gcc_64/lib/libQt6QuickLayouts.prl
2025-12-15 00:31:21,401 - aqt.updater - INFO - updater 139799405792128 Patching /home/runner/work/FreeCAD/Qt/6.8.3/gcc_64/lib/libQt6QuickControls2Impl.prl
2025-12-15 00:31:21,401 - aqt.updater - INFO - updater 139799405792128 Patching /home/runner/work/FreeCAD/Qt/6.8.3/gcc_64/lib/libQt6XcbQpa.prl
2025-12-15 00:31:21,401 - aqt.updater - INFO - updater 139799405792128 Patching /home/runner/work/FreeCAD/Qt/6.8.3/gcc_64/lib/libQt6QuickShapes.prl
2025-12-15 00:31:21,402 - aqt.updater - INFO - updater 139799405792128 Patching /home/runner/work/FreeCAD/Qt/6.8.3/gcc_64/lib/libQt6DeviceDiscoverySupport.prl
2025-12-15 00:31:21,402 - aqt.updater - INFO - updater 139799405792128 Patching /home/runner/work/FreeCAD/Qt/6.8.3/gcc_64/lib/libQt6QmlCompiler.prl
2025-12-15 00:31:21,402 - aqt.updater - INFO - updater 139799405792128 Patching /home/runner/work/FreeCAD/Qt/6.8.3/gcc_64/lib/libQt6QuickParticles.prl
2025-12-15 00:31:21,402 - aqt.updater - INFO - updater 139799405792128 Patching /home/runner/work/FreeCAD/Qt/6.8.3/gcc_64/lib/libQt6QuickControls2Universal.prl
2025-12-15 00:31:21,403 - aqt.updater - INFO - updater 139799405792128 Patching /home/runner/work/FreeCAD/Qt/6.8.3/gcc_64/lib/libQt6LabsWavefrontMesh.prl
2025-12-15 00:31:21,403 - aqt.updater - INFO - updater 139799405792128 Patching /home/runner/work/FreeCAD/Qt/6.8.3/gcc_64/lib/libQt6QmlXmlListModel.prl
2025-12-15 00:31:21,403 - aqt.updater - INFO - updater 139799405792128 Patching /home/runner/work/FreeCAD/Qt/6.8.3/gcc_64/lib/libQt6EglFsKmsSupport.prl
2025-12-15 00:31:21,403 - aqt.updater - INFO - updater 139799405792128 Patching /home/runner/work/FreeCAD/Qt/6.8.3/gcc_64/lib/libQt6LabsSharedImage.prl
2025-12-15 00:31:21,404 - aqt.updater - INFO - updater 139799405792128 Patching /home/runner/work/FreeCAD/Qt/6.8.3/gcc_64/lib/libQt6PrintSupport.prl
2025-12-15 00:31:21,404 - aqt.updater - INFO - updater 139799405792128 Patching /home/runner/work/FreeCAD/Qt/6.8.3/gcc_64/lib/libQt6QuickControls2Fusion.prl
2025-12-15 00:31:21,404 - aqt.updater - INFO - updater 139799405792128 Patching /home/runner/work/FreeCAD/Qt/6.8.3/gcc_64/lib/libQt6Designer.prl
2025-12-15 00:31:21,404 - aqt.updater - INFO - updater 139799405792128 Patching /home/runner/work/FreeCAD/Qt/6.8.3/gcc_64/lib/libQt6ExamplesAssetDownloader.prl
2025-12-15 00:31:21,405 - aqt.updater - INFO - updater 139799405792128 Patching /home/runner/work/FreeCAD/Qt/6.8.3/gcc_64/lib/libQt6QmlTypeRegistrar.prl
2025-12-15 00:31:21,405 - aqt.updater - INFO - updater 139799405792128 Patching /home/runner/work/FreeCAD/Qt/6.8.3/gcc_64/lib/libQt6LabsAnimation.prl
2025-12-15 00:31:21,405 - aqt.updater - INFO - updater 139799405792128 Patching /home/runner/work/FreeCAD/Qt/6.8.3/gcc_64/lib/libQt6QuickControls2Material.prl
2025-12-15 00:31:21,405 - aqt.updater - INFO - updater 139799405792128 Patching /home/runner/work/FreeCAD/Qt/6.8.3/gcc_64/lib/libQt6QmlCore.prl
2025-12-15 00:31:21,405 - aqt.updater - INFO - updater 139799405792128 Patching /home/runner/work/FreeCAD/Qt/6.8.3/gcc_64/lib/libQt6QmlAssetDownloader.prl
2025-12-15 00:31:21,406 - aqt.updater - INFO - updater 139799405792128 Patching /home/runner/work/FreeCAD/Qt/6.8.3/gcc_64/lib/libQt6Test.prl
2025-12-15 00:31:21,406 - aqt.main - INFO - installer 139799405792128 Finished installation
2025-12-15 00:31:21,406 - aqt.main - INFO - installer 139799405792128 Time elapsed: 20.99984539 second
